plaine;villagebleu;plaine;montagne;montagne;plaine;plaine;ocean;ocean;ocean;ocean;ocean;ocean;plaine;plaine;plaine;plaine;plaine;plaine;plaine;
plaine;plaine;plaine;montagne;montagne;portbleu;ocean;ocean;ocean;ocean;ocean;ocean;ocean;plaine;plaine;plaine;plaine;plaine;plaine;plaine;
plaine;plaine;plaine;plaine;montagne;plaine;ocean;ocean;ocean;ocean;ocean;ocean;ocean;plaine;plaine;villageneutre;plaine;plaine;plaine;plaine;
plaine;plaine;plaine;plaine;montagne;plaine;ocean;ocean;ocean;ocean;ocean;ocean;ocean;ocean;plaine;plaine;plaine;plaine;plaine;plaine;
plaine;plaine;plaine;plaine;montagne;plaine;ocean;ocean;ocean;ocean;ocean;ocean;ocean;ocean;plaine;plaine;plaine;plaine;plaine;plaine;
plaine;qgbleu;plaine;plaine;montagne;plaine;ocean;ocean;ocean;ocean;ocean;ocean;ocean;ocean;plaine;plaine;plaine;plaine;qgrouge;plaine;
plaine;plaine;plaine;cave;plaine;plaine;ocean;ocean;ocean;ocean;ocean;ocean;ocean;ocean;plaine;plaine;plaine;plaine;plaine;plaine;
plaine;plaine;plaine;plaine;villageneutre;plaine;ocean;ocean;ocean;ocean;ocean;ocean;ocean;ocean;plaine;plaine;plaine;villagerouge;plaine;plaine;
plaine;plaine;plaine;plaine;plaine;plaine;ocean;ocean;ocean;ocean;ocean;ocean;ocean;ocean;portrouge;plaine;plaine;plaine;plaine;plaine;
plaine;plaine;plaine;plaine;plaine;plaine;plaine;plaine;ocean;ocean;ocean;ocean;ocean;ocean;plaine;plaine;plaine;plaine;plaine;plaine;