plaine;villagebleu;plaine;montagne;montagne;plaine;oceancote;ocean;ocean;ocean;ocean;ocean;ocean;oceancote;plaine;plaine;plaine;plaine;plaine;plaine;
plaine;plaine;plaine;montagne;montagne;portbleu;oceancote;ocean;ocean;ocean;ocean;ocean;ocean;oceancote;plaine;plaine;plaine;plaine;plaine;plaine;
plaine;plaine;plaine;plaine;montagne;plaine;oceancote;ocean;ocean;ocean;ocean;ocean;ocean;oceancote;plaine;villageneutre;plaine;plaine;plaine;plaine;
plaine;plaine;plaine;plaine;montagne;plaine;oceancote;ocean;ocean;ocean;ocean;ocean;ocean;oceancote;plaine;plaine;plaine;plaine;plaine;plaine;
plaine;plaine;plaine;plaine;montagne;plaine;oceancote;ocean;ocean;ocean;ocean;ocean;ocean;oceancote;plaine;plaine;plaine;plaine;plaine;plaine;
plaine;qgbleu;plaine;plaine;montagne;plaine;oceancote;ocean;ocean;ocean;ocean;ocean;ocean;oceancote;plaine;plaine;plaine;plaine;qgrouge;plaine;
plaine;plaine;plaine;cave;plaine;plaine;oceancote;ocean;ocean;ocean;ocean;ocean;ocean;oceancote;plaine;plaine;plaine;plaine;plaine;plaine;
plaine;plaine;plaine;plaine;villageneutre;plaine;oceancote;ocean;ocean;ocean;ocean;ocean;ocean;oceancote;plaine;plaine;plaine;villagerouge;plaine;plaine;
plaine;plaine;plaine;plaine;plaine;plaine;oceancote;ocean;ocean;ocean;ocean;ocean;ocean;oceancote;portrouge;plaine;plaine;plaine;plaine;plaine;
plaine;plaine;plaine;plaine;plaine;plaine;oceancote;ocean;ocean;ocean;ocean;ocean;ocean;oceancote;plaine;plaine;plaine;plaine;plaine;plaine;