plaine;plaine;plaine;plaine;plaine;plaine;plaine;plaine;plaine;plaine;plaine;plaine;plaine;plaine;plaine;plaine;plaine;plaine;plaine;plaine;
plaine;plaine;plaine;plaine;plaine;plaine;plaine;plaine;plaine;villageneutre;villageneutre;plaine;plaine;plaine;plaine;plaine;plaine;plaine;plaine;plaine;
montagne;montagne;plaine;montagne;montagne;montagne;montagne;montagne;montagne;montagne;montagne;montagne;montagne;montagne;montagne;montagne;montagne;plaine;montagne;montagne;
ocean;ocean;plaine;ocean;ocean;ocean;ocean;ocean;ocean;ocean;ocean;ocean;ocean;ocean;ocean;ocean;ocean;plaine;ocean;ocean;
plaine;plaine;plaine;plaine;plaine;plaine;plaine;plaine;plaine;montagne;montagne;plaine;plaine;plaine;plaine;plaine;plaine;plaine;plaine;plaine;
qgrouge;plaine;plaine;plaine;plaine;plaine;plaine;plaine;plaine;montagne;plaine;plaine;plaine;plaine;plaine;plaine;plaine;plaine;plaine;qgbleu;
plaine;plaine;plaine;plaine;plaine;plaine;plaine;plaine;plaine;montagne;plaine;plaine;plaine;plaine;plaine;plaine;plaine;plaine;plaine;plaine;
plaine;plaine;plaine;plaine;plaine;plaine;plaine;villagerouge;villagerouge;montagne;montagne;villagebleu;villagebleu;plaine;plaine;plaine;plaine;plaine;plaine;plaine;
plaine;plaine;plaine;plaine;plaine;plaine;plaine;plaine;montagne;montagne;montagne;montagne;plaine;plaine;plaine;plaine;plaine;plaine;plaine;plaine;
plaine;villagerouge;villagerouge;plaine;plaine;plaine;plaine;plaine;plaine;plaine;plaine;plaine;plaine;plaine;plaine;plaine;plaine;villagebleu;villagebleu;plaine;